// Jest Snapshot v1, https://goo.gl/fbAQLP

exports[`signin component debug sign in  1`] = `ShallowWrapper {}`;
